新的回合開始了。
輪到水球了
0    1    2    3    4    5    6    7     8    9    10   11   12
C[3] C[4] C[5] C[6] C[7] C[8] C[9] C[10] C[J] C[Q] C[K] C[A] C[2]
玩家 水球 打出了 單張 C[3]
輪到火球了
0    1    2    3    4    5    6    7     8    9    10   11   12
D[3] D[4] D[5] D[6] D[7] D[8] D[9] D[10] D[J] D[Q] D[K] D[A] D[2]
玩家 火球 打出了 單張 D[3]
輪到保齡球了
0    1    2    3    4    5    6    7     8    9    10   11   12
H[3] H[4] H[5] H[6] H[7] H[8] H[9] H[10] H[J] H[Q] H[K] H[A] H[2]
玩家 保齡球 打出了 單張 H[3]
輪到地瓜球了
0    1    2    3    4    5    6    7     8    9    10   11   12
S[3] S[4] S[5] S[6] S[7] S[8] S[9] S[10] S[J] S[Q] S[K] S[A] S[2]
玩家 地瓜球 打出了 單張 S[3]
輪到水球了
0    1    2    3    4    5    6     7    8    9    10   11
C[4] C[5] C[6] C[7] C[8] C[9] C[10] C[J] C[Q] C[K] C[A] C[2]
玩家 水球 打出了 單張 C[4]
輪到火球了
0    1    2    3    4    5    6     7    8    9    10   11
D[4] D[5] D[6] D[7] D[8] D[9] D[10] D[J] D[Q] D[K] D[A] D[2]
玩家 火球 打出了 單張 D[4]
輪到保齡球了
0    1    2    3    4    5    6     7    8    9    10   11
H[4] H[5] H[6] H[7] H[8] H[9] H[10] H[J] H[Q] H[K] H[A] H[2]
玩家 保齡球 打出了 單張 H[4]
輪到地瓜球了
0    1    2    3    4    5    6     7    8    9    10   11
S[4] S[5] S[6] S[7] S[8] S[9] S[10] S[J] S[Q] S[K] S[A] S[2]
玩家 地瓜球 打出了 單張 S[4]
輪到水球了
0    1    2    3    4    5     6    7    8    9    10
C[5] C[6] C[7] C[8] C[9] C[10] C[J] C[Q] C[K] C[A] C[2]
玩家 水球 打出了 單張 C[5]
輪到火球了
0    1    2    3    4    5     6    7    8    9    10
D[5] D[6] D[7] D[8] D[9] D[10] D[J] D[Q] D[K] D[A] D[2]
玩家 火球 打出了 單張 D[5]
輪到保齡球了
0    1    2    3    4    5     6    7    8    9    10
H[5] H[6] H[7] H[8] H[9] H[10] H[J] H[Q] H[K] H[A] H[2]
玩家 保齡球 打出了 單張 H[5]
輪到地瓜球了
0    1    2    3    4    5     6    7    8    9    10
S[5] S[6] S[7] S[8] S[9] S[10] S[J] S[Q] S[K] S[A] S[2]
玩家 地瓜球 打出了 單張 S[5]
輪到水球了
0    1    2    3    4     5    6    7    8    9
C[6] C[7] C[8] C[9] C[10] C[J] C[Q] C[K] C[A] C[2]
玩家 水球 打出了 單張 C[6]
輪到火球了
0    1    2    3    4     5    6    7    8    9
D[6] D[7] D[8] D[9] D[10] D[J] D[Q] D[K] D[A] D[2]
玩家 火球 打出了 單張 D[6]
輪到保齡球了
0    1    2    3    4     5    6    7    8    9
H[6] H[7] H[8] H[9] H[10] H[J] H[Q] H[K] H[A] H[2]
玩家 保齡球 打出了 單張 H[6]
輪到地瓜球了
0    1    2    3    4     5    6    7    8    9
S[6] S[7] S[8] S[9] S[10] S[J] S[Q] S[K] S[A] S[2]
玩家 地瓜球 打出了 單張 S[6]
輪到水球了
0    1    2    3     4    5    6    7    8
C[7] C[8] C[9] C[10] C[J] C[Q] C[K] C[A] C[2]
玩家 水球 打出了 單張 C[7]
輪到火球了
0    1    2    3     4    5    6    7    8
D[7] D[8] D[9] D[10] D[J] D[Q] D[K] D[A] D[2]
玩家 火球 打出了 單張 D[7]
輪到保齡球了
0    1    2    3     4    5    6    7    8
H[7] H[8] H[9] H[10] H[J] H[Q] H[K] H[A] H[2]
玩家 保齡球 打出了 單張 H[7]
輪到地瓜球了
0    1    2    3     4    5    6    7    8
S[7] S[8] S[9] S[10] S[J] S[Q] S[K] S[A] S[2]
玩家 地瓜球 打出了 單張 S[7]
輪到水球了
0    1    2     3    4    5    6    7
C[8] C[9] C[10] C[J] C[Q] C[K] C[A] C[2]
玩家 水球 打出了 單張 C[8]
輪到火球了
0    1    2     3    4    5    6    7
D[8] D[9] D[10] D[J] D[Q] D[K] D[A] D[2]
玩家 火球 打出了 單張 D[8]
輪到保齡球了
0    1    2     3    4    5    6    7
H[8] H[9] H[10] H[J] H[Q] H[K] H[A] H[2]
玩家 保齡球 打出了 單張 H[8]
輪到地瓜球了
0    1    2     3    4    5    6    7
S[8] S[9] S[10] S[J] S[Q] S[K] S[A] S[2]
玩家 地瓜球 打出了 單張 S[8]
輪到水球了
0    1     2    3    4    5    6
C[9] C[10] C[J] C[Q] C[K] C[A] C[2]
玩家 水球 打出了 單張 C[9]
輪到火球了
0    1     2    3    4    5    6
D[9] D[10] D[J] D[Q] D[K] D[A] D[2]
玩家 火球 打出了 單張 D[9]
輪到保齡球了
0    1     2    3    4    5    6
H[9] H[10] H[J] H[Q] H[K] H[A] H[2]
玩家 保齡球 打出了 單張 H[9]
輪到地瓜球了
0    1     2    3    4    5    6
S[9] S[10] S[J] S[Q] S[K] S[A] S[2]
玩家 地瓜球 打出了 單張 S[9]
輪到水球了
0     1    2    3    4    5
C[10] C[J] C[Q] C[K] C[A] C[2]
玩家 水球 打出了 單張 C[10]
輪到火球了
0     1    2    3    4    5
D[10] D[J] D[Q] D[K] D[A] D[2]
玩家 火球 打出了 單張 D[10]
輪到保齡球了
0     1    2    3    4    5
H[10] H[J] H[Q] H[K] H[A] H[2]
玩家 保齡球 打出了 單張 H[10]
輪到地瓜球了
0     1    2    3    4    5
S[10] S[J] S[Q] S[K] S[A] S[2]
玩家 地瓜球 打出了 單張 S[10]
輪到水球了
0    1    2    3    4
C[J] C[Q] C[K] C[A] C[2]
玩家 水球 打出了 單張 C[J]
輪到火球了
0    1    2    3    4
D[J] D[Q] D[K] D[A] D[2]
玩家 火球 打出了 單張 D[J]
輪到保齡球了
0    1    2    3    4
H[J] H[Q] H[K] H[A] H[2]
玩家 保齡球 打出了 單張 H[J]
輪到地瓜球了
0    1    2    3    4
S[J] S[Q] S[K] S[A] S[2]
玩家 地瓜球 打出了 單張 S[J]
輪到水球了
0    1    2    3
C[Q] C[K] C[A] C[2]
玩家 水球 打出了 單張 C[Q]
輪到火球了
0    1    2    3
D[Q] D[K] D[A] D[2]
玩家 火球 打出了 單張 D[Q]
輪到保齡球了
0    1    2    3
H[Q] H[K] H[A] H[2]
玩家 保齡球 打出了 單張 H[Q]
輪到地瓜球了
0    1    2    3
S[Q] S[K] S[A] S[2]
玩家 地瓜球 打出了 單張 S[Q]
輪到水球了
0    1    2
C[K] C[A] C[2]
玩家 水球 打出了 單張 C[K]
輪到火球了
0    1    2
D[K] D[A] D[2]
玩家 火球 打出了 單張 D[K]
輪到保齡球了
0    1    2
H[K] H[A] H[2]
玩家 保齡球 打出了 單張 H[K]
輪到地瓜球了
0    1    2
S[K] S[A] S[2]
玩家 地瓜球 打出了 單張 S[K]
輪到水球了
0    1
C[A] C[2]
玩家 水球 打出了 單張 C[A]
輪到火球了
0    1
D[A] D[2]
玩家 火球 打出了 單張 D[A]
輪到保齡球了
0    1
H[A] H[2]
玩家 保齡球 打出了 單張 H[A]
輪到地瓜球了
0    1
S[A] S[2]
玩家 地瓜球 打出了 單張 S[A]
輪到水球了
0
C[2]
玩家 水球 打出了 單張 C[2]
遊戲結束，遊戲的勝利者為 水球
