新的回合開始了。
輪到火球了
0    1    2    3    4    5    6    7    8     9    10   11   12
C[3] D[3] H[3] D[5] H[6] S[6] C[8] S[9] C[10] D[J] D[Q] S[Q] H[A]
玩家 火球 打出了 葫蘆 C[3] D[3] H[3] H[6] S[6]
輪到保齡球了
0    1    2    3    4    5    6    7     8    9    10   11   12
H[4] C[5] S[5] C[6] D[8] H[8] H[9] H[10] C[J] S[J] C[A] D[A] D[2]
玩家 保齡球 PASS.
輪到地瓜球了
0    1    2    3    4    5    6    7     8    9    10   11   12
S[3] D[4] C[7] D[7] H[7] C[9] D[9] S[10] H[J] H[Q] H[K] S[A] H[2]
玩家 地瓜球 打出了 葫蘆 C[7] D[7] H[7] C[9] D[9]
輪到水球了
0    1    2    3    4    5    6     7    8    9    10   11   12
C[4] S[4] H[5] D[6] S[7] S[8] D[10] C[Q] C[K] D[K] S[K] C[2] S[2]
玩家 水球 打出了 葫蘆 C[4] S[4] C[K] D[K] S[K]
輪到火球了
0    1    2    3     4    5    6    7
D[5] C[8] S[9] C[10] D[J] D[Q] S[Q] H[A]
玩家 火球 PASS.
輪到保齡球了
0    1    2    3    4    5    6    7     8    9    10   11   12
H[4] C[5] S[5] C[6] D[8] H[8] H[9] H[10] C[J] S[J] C[A] D[A] D[2]
玩家 保齡球 PASS.
輪到地瓜球了
0    1    2     3    4    5    6    7
S[3] D[4] S[10] H[J] H[Q] H[K] S[A] H[2]
玩家 地瓜球 PASS.
新的回合開始了。
輪到水球了
0    1    2    3    4     5    6    7
H[5] D[6] S[7] S[8] D[10] C[Q] C[2] S[2]
玩家 水球 打出了 單張 H[5]
輪到火球了
0    1    2    3     4    5    6    7
D[5] C[8] S[9] C[10] D[J] D[Q] S[Q] H[A]
玩家 火球 打出了 單張 C[8]
輪到保齡球了
0    1    2    3    4    5    6    7     8    9    10   11   12
H[4] C[5] S[5] C[6] D[8] H[8] H[9] H[10] C[J] S[J] C[A] D[A] D[2]
玩家 保齡球 打出了 單張 H[9]
輪到地瓜球了
0    1    2     3    4    5    6    7
S[3] D[4] S[10] H[J] H[Q] H[K] S[A] H[2]
玩家 地瓜球 打出了 單張 S[10]
輪到水球了
0    1    2    3     4    5    6
D[6] S[7] S[8] D[10] C[Q] C[2] S[2]
玩家 水球 打出了 單張 C[Q]
輪到火球了
0    1    2     3    4    5    6
D[5] S[9] C[10] D[J] D[Q] S[Q] H[A]
玩家 火球 打出了 單張 H[A]
輪到保齡球了
0    1    2    3    4    5    6     7    8    9    10   11
H[4] C[5] S[5] C[6] D[8] H[8] H[10] C[J] S[J] C[A] D[A] D[2]
玩家 保齡球 打出了 單張 D[2]
輪到地瓜球了
0    1    2    3    4    5    6
S[3] D[4] H[J] H[Q] H[K] S[A] H[2]
玩家 地瓜球 打出了 單張 H[2]
輪到水球了
0    1    2    3     4    5
D[6] S[7] S[8] D[10] C[2] S[2]
玩家 水球 打出了 單張 S[2]
輪到火球了
0    1    2     3    4    5
D[5] S[9] C[10] D[J] D[Q] S[Q]
玩家 火球 PASS.
輪到保齡球了
0    1    2    3    4    5    6     7    8    9    10
H[4] C[5] S[5] C[6] D[8] H[8] H[10] C[J] S[J] C[A] D[A]
玩家 保齡球 PASS.
輪到地瓜球了
0    1    2    3    4    5
S[3] D[4] H[J] H[Q] H[K] S[A]
玩家 地瓜球 PASS.
新的回合開始了。
輪到水球了
0    1    2    3     4
D[6] S[7] S[8] D[10] C[2]
玩家 水球 打出了 單張 D[6]
輪到火球了
0    1    2     3    4    5
D[5] S[9] C[10] D[J] D[Q] S[Q]
玩家 火球 打出了 單張 S[9]
輪到保齡球了
0    1    2    3    4    5    6     7    8    9    10
H[4] C[5] S[5] C[6] D[8] H[8] H[10] C[J] S[J] C[A] D[A]
玩家 保齡球 打出了 單張 H[10]
輪到地瓜球了
0    1    2    3    4    5
S[3] D[4] H[J] H[Q] H[K] S[A]
玩家 地瓜球 打出了 單張 H[J]
輪到水球了
0    1    2     3
S[7] S[8] D[10] C[2]
玩家 水球 打出了 單張 C[2]
輪到火球了
0    1     2    3    4
D[5] C[10] D[J] D[Q] S[Q]
玩家 火球 PASS.
輪到保齡球了
0    1    2    3    4    5    6    7    8    9
H[4] C[5] S[5] C[6] D[8] H[8] C[J] S[J] C[A] D[A]
玩家 保齡球 PASS.
輪到地瓜球了
0    1    2    3    4
S[3] D[4] H[Q] H[K] S[A]
玩家 地瓜球 PASS.
新的回合開始了。
輪到水球了
0    1    2
S[7] S[8] D[10]
玩家 水球 打出了 單張 S[7]
輪到火球了
0    1     2    3    4
D[5] C[10] D[J] D[Q] S[Q]
玩家 火球 打出了 單張 C[10]
輪到保齡球了
0    1    2    3    4    5    6    7    8    9
H[4] C[5] S[5] C[6] D[8] H[8] C[J] S[J] C[A] D[A]
玩家 保齡球 打出了 單張 D[A]
輪到地瓜球了
0    1    2    3    4
S[3] D[4] H[Q] H[K] S[A]
玩家 地瓜球 打出了 單張 S[A]
輪到水球了
0    1
S[8] D[10]
玩家 水球 PASS.
輪到火球了
0    1    2    3
D[5] D[J] D[Q] S[Q]
玩家 火球 PASS.
輪到保齡球了
0    1    2    3    4    5    6    7    8
H[4] C[5] S[5] C[6] D[8] H[8] C[J] S[J] C[A]
玩家 保齡球 PASS.
新的回合開始了。
輪到地瓜球了
0    1    2    3
S[3] D[4] H[Q] H[K]
玩家 地瓜球 打出了 單張 H[K]
輪到水球了
0    1
S[8] D[10]
玩家 水球 PASS.
輪到火球了
0    1    2    3
D[5] D[J] D[Q] S[Q]
玩家 火球 PASS.
輪到保齡球了
0    1    2    3    4    5    6    7    8
H[4] C[5] S[5] C[6] D[8] H[8] C[J] S[J] C[A]
玩家 保齡球 打出了 單張 C[A]
輪到地瓜球了
0    1    2
S[3] D[4] H[Q]
玩家 地瓜球 PASS.
輪到水球了
0    1
S[8] D[10]
玩家 水球 PASS.
輪到火球了
0    1    2    3
D[5] D[J] D[Q] S[Q]
玩家 火球 PASS.
新的回合開始了。
輪到保齡球了
0    1    2    3    4    5    6    7
H[4] C[5] S[5] C[6] D[8] H[8] C[J] S[J]
玩家 保齡球 打出了 對子 C[5] S[5]
輪到地瓜球了
0    1    2
S[3] D[4] H[Q]
玩家 地瓜球 PASS.
輪到水球了
0    1
S[8] D[10]
玩家 水球 PASS.
輪到火球了
0    1    2    3
D[5] D[J] D[Q] S[Q]
玩家 火球 打出了 對子 D[Q] S[Q]
輪到保齡球了
0    1    2    3    4    5
H[4] C[6] D[8] H[8] C[J] S[J]
玩家 保齡球 PASS.
輪到地瓜球了
0    1    2
S[3] D[4] H[Q]
玩家 地瓜球 PASS.
輪到水球了
0    1
S[8] D[10]
玩家 水球 PASS.
新的回合開始了。
輪到火球了
0    1
D[5] D[J]
玩家 火球 打出了 單張 D[5]
輪到保齡球了
0    1    2    3    4    5
H[4] C[6] D[8] H[8] C[J] S[J]
玩家 保齡球 打出了 單張 C[6]
輪到地瓜球了
0    1    2
S[3] D[4] H[Q]
玩家 地瓜球 打出了 單張 H[Q]
輪到水球了
0    1
S[8] D[10]
玩家 水球 PASS.
輪到火球了
0
D[J]
玩家 火球 PASS.
輪到保齡球了
0    1    2    3    4
H[4] D[8] H[8] C[J] S[J]
玩家 保齡球 PASS.
新的回合開始了。
輪到地瓜球了
0    1
S[3] D[4]
玩家 地瓜球 打出了 單張 S[3]
輪到水球了
0    1
S[8] D[10]
玩家 水球 打出了 單張 D[10]
輪到火球了
0
D[J]
玩家 火球 打出了 單張 D[J]
遊戲結束，遊戲的勝利者為 火球
