新的回合開始了。
輪到水球了
0    1    2    3    4    5    6    7    8     9    10   11   12
C[3] D[6] H[6] C[7] H[7] S[8] C[9] D[9] H[10] D[J] H[J] S[J] H[Q]
你不能在新的回合中喊 PASS
0    1    2    3    4    5    6    7    8     9    10   11   12
C[3] D[6] H[6] C[7] H[7] S[8] C[9] D[9] H[10] D[J] H[J] S[J] H[Q]
你不能在新的回合中喊 PASS
0    1    2    3    4    5    6    7    8     9    10   11   12
C[3] D[6] H[6] C[7] H[7] S[8] C[9] D[9] H[10] D[J] H[J] S[J] H[Q]
此牌型不合法，請再嘗試一次。
0    1    2    3    4    5    6    7    8     9    10   11   12
C[3] D[6] H[6] C[7] H[7] S[8] C[9] D[9] H[10] D[J] H[J] S[J] H[Q]
此牌型不合法，請再嘗試一次。
0    1    2    3    4    5    6    7    8     9    10   11   12
C[3] D[6] H[6] C[7] H[7] S[8] C[9] D[9] H[10] D[J] H[J] S[J] H[Q]
玩家 水球 打出了 單張 C[3]
輪到火球了
0    1    2    3    4    5    6    7    8    9    10   11   12
D[3] H[3] S[3] H[4] D[5] H[5] S[5] S[6] S[7] C[8] D[8] C[A] D[A]
此牌型不合法，請再嘗試一次。
0    1    2    3    4    5    6    7    8    9    10   11   12
D[3] H[3] S[3] H[4] D[5] H[5] S[5] S[6] S[7] C[8] D[8] C[A] D[A]
玩家 火球 打出了 單張 D[3]
輪到保齡球了
0    1    2    3    4    5     6     7    8    9    10   11   12
C[6] D[7] H[8] H[9] S[9] C[10] S[10] C[J] D[Q] C[K] S[K] C[2] D[2]
玩家 保齡球 打出了 單張 C[6]
輪到地瓜球了
0    1    2    3    4     5    6    7    8    9    10   11   12
C[4] D[4] S[4] C[5] D[10] C[Q] S[Q] D[K] H[K] H[A] S[A] H[2] S[2]
此牌型不合法，請再嘗試一次。
0    1    2    3    4     5    6    7    8    9    10   11   12
C[4] D[4] S[4] C[5] D[10] C[Q] S[Q] D[K] H[K] H[A] S[A] H[2] S[2]
玩家 地瓜球 打出了 單張 D[10]
輪到水球了
0    1    2    3    4    5    6    7     8    9    10   11
D[6] H[6] C[7] H[7] S[8] C[9] D[9] H[10] D[J] H[J] S[J] H[Q]
玩家 水球 打出了 單張 H[Q]
輪到火球了
0    1    2    3    4    5    6    7    8    9    10   11
H[3] S[3] H[4] D[5] H[5] S[5] S[6] S[7] C[8] D[8] C[A] D[A]
此牌型不合法，請再嘗試一次。
0    1    2    3    4    5    6    7    8    9    10   11
H[3] S[3] H[4] D[5] H[5] S[5] S[6] S[7] C[8] D[8] C[A] D[A]
玩家 火球 打出了 單張 C[A]
輪到保齡球了
0    1    2    3    4     5     6    7    8    9    10   11
D[7] H[8] H[9] S[9] C[10] S[10] C[J] D[Q] C[K] S[K] C[2] D[2]
玩家 保齡球 打出了 單張 C[2]
輪到地瓜球了
0    1    2    3    4    5    6    7    8    9    10   11
C[4] D[4] S[4] C[5] C[Q] S[Q] D[K] H[K] H[A] S[A] H[2] S[2]
玩家 地瓜球 打出了 單張 H[2]
輪到水球了
0    1    2    3    4    5    6    7     8    9    10
D[6] H[6] C[7] H[7] S[8] C[9] D[9] H[10] D[J] H[J] S[J]
玩家 水球 PASS.
輪到火球了
0    1    2    3    4    5    6    7    8    9    10
H[3] S[3] H[4] D[5] H[5] S[5] S[6] S[7] C[8] D[8] D[A]
玩家 火球 PASS.
輪到保齡球了
0    1    2    3    4     5     6    7    8    9    10
D[7] H[8] H[9] S[9] C[10] S[10] C[J] D[Q] C[K] S[K] D[2]
玩家 保齡球 PASS.
新的回合開始了。
輪到地瓜球了
0    1    2    3    4    5    6    7    8    9    10
C[4] D[4] S[4] C[5] C[Q] S[Q] D[K] H[K] H[A] S[A] S[2]
你不能在新的回合中喊 PASS
0    1    2    3    4    5    6    7    8    9    10
C[4] D[4] S[4] C[5] C[Q] S[Q] D[K] H[K] H[A] S[A] S[2]
玩家 地瓜球 打出了 對子 C[4] D[4]
輪到水球了
0    1    2    3    4    5    6    7     8    9    10
D[6] H[6] C[7] H[7] S[8] C[9] D[9] H[10] D[J] H[J] S[J]
玩家 水球 打出了 對子 D[6] H[6]
輪到火球了
0    1    2    3    4    5    6    7    8    9    10
H[3] S[3] H[4] D[5] H[5] S[5] S[6] S[7] C[8] D[8] D[A]
玩家 火球 打出了 對子 C[8] D[8]
輪到保齡球了
0    1    2    3    4     5     6    7    8    9    10
D[7] H[8] H[9] S[9] C[10] S[10] C[J] D[Q] C[K] S[K] D[2]
玩家 保齡球 打出了 對子 H[9] S[9]
輪到地瓜球了
0    1    2    3    4    5    6    7    8
S[4] C[5] C[Q] S[Q] D[K] H[K] H[A] S[A] S[2]
玩家 地瓜球 打出了 對子 C[Q] S[Q]
輪到水球了
0    1    2    3    4    5     6    7    8
C[7] H[7] S[8] C[9] D[9] H[10] D[J] H[J] S[J]
此牌型不合法，請再嘗試一次。
0    1    2    3    4    5     6    7    8
C[7] H[7] S[8] C[9] D[9] H[10] D[J] H[J] S[J]
此牌型不合法，請再嘗試一次。
0    1    2    3    4    5     6    7    8
C[7] H[7] S[8] C[9] D[9] H[10] D[J] H[J] S[J]
此牌型不合法，請再嘗試一次。
0    1    2    3    4    5     6    7    8
C[7] H[7] S[8] C[9] D[9] H[10] D[J] H[J] S[J]
玩家 水球 PASS.
輪到火球了
0    1    2    3    4    5    6    7    8
H[3] S[3] H[4] D[5] H[5] S[5] S[6] S[7] D[A]
玩家 火球 PASS.
輪到保齡球了
0    1    2     3     4    5    6    7    8
D[7] H[8] C[10] S[10] C[J] D[Q] C[K] S[K] D[2]
玩家 保齡球 打出了 對子 C[K] S[K]
輪到地瓜球了
0    1    2    3    4    5    6
S[4] C[5] D[K] H[K] H[A] S[A] S[2]
此牌型不合法，請再嘗試一次。
0    1    2    3    4    5    6
S[4] C[5] D[K] H[K] H[A] S[A] S[2]
玩家 地瓜球 打出了 對子 H[A] S[A]
輪到水球了
0    1    2    3    4    5     6    7    8
C[7] H[7] S[8] C[9] D[9] H[10] D[J] H[J] S[J]
玩家 水球 PASS.
輪到火球了
0    1    2    3    4    5    6    7    8
H[3] S[3] H[4] D[5] H[5] S[5] S[6] S[7] D[A]
玩家 火球 PASS.
輪到保齡球了
0    1    2     3     4    5    6
D[7] H[8] C[10] S[10] C[J] D[Q] D[2]
玩家 保齡球 PASS.
新的回合開始了。
輪到地瓜球了
0    1    2    3    4
S[4] C[5] D[K] H[K] S[2]
玩家 地瓜球 打出了 對子 D[K] H[K]
輪到水球了
0    1    2    3    4    5     6    7    8
C[7] H[7] S[8] C[9] D[9] H[10] D[J] H[J] S[J]
玩家 水球 PASS.
輪到火球了
0    1    2    3    4    5    6    7    8
H[3] S[3] H[4] D[5] H[5] S[5] S[6] S[7] D[A]
玩家 火球 PASS.
輪到保齡球了
0    1    2     3     4    5    6
D[7] H[8] C[10] S[10] C[J] D[Q] D[2]
玩家 保齡球 PASS.
新的回合開始了。
輪到地瓜球了
0    1    2
S[4] C[5] S[2]
此牌型不合法，請再嘗試一次。
0    1    2
S[4] C[5] S[2]
你不能在新的回合中喊 PASS
0    1    2
S[4] C[5] S[2]
玩家 地瓜球 打出了 單張 S[2]
輪到水球了
0    1    2    3    4    5     6    7    8
C[7] H[7] S[8] C[9] D[9] H[10] D[J] H[J] S[J]
此牌型不合法，請再嘗試一次。
0    1    2    3    4    5     6    7    8
C[7] H[7] S[8] C[9] D[9] H[10] D[J] H[J] S[J]
玩家 水球 PASS.
輪到火球了
0    1    2    3    4    5    6    7    8
H[3] S[3] H[4] D[5] H[5] S[5] S[6] S[7] D[A]
玩家 火球 PASS.
輪到保齡球了
0    1    2     3     4    5    6
D[7] H[8] C[10] S[10] C[J] D[Q] D[2]
玩家 保齡球 PASS.
新的回合開始了。
輪到地瓜球了
0    1
S[4] C[5]
玩家 地瓜球 打出了 單張 S[4]
輪到水球了
0    1    2    3    4    5     6    7    8
C[7] H[7] S[8] C[9] D[9] H[10] D[J] H[J] S[J]
玩家 水球 打出了 單張 S[J]
輪到火球了
0    1    2    3    4    5    6    7    8
H[3] S[3] H[4] D[5] H[5] S[5] S[6] S[7] D[A]
玩家 火球 打出了 單張 D[A]
輪到保齡球了
0    1    2     3     4    5    6
D[7] H[8] C[10] S[10] C[J] D[Q] D[2]
玩家 保齡球 打出了 單張 D[2]
輪到地瓜球了
0
C[5]
玩家 地瓜球 PASS.
輪到水球了
0    1    2    3    4    5     6    7
C[7] H[7] S[8] C[9] D[9] H[10] D[J] H[J]
玩家 水球 PASS.
輪到火球了
0    1    2    3    4    5    6    7
H[3] S[3] H[4] D[5] H[5] S[5] S[6] S[7]
玩家 火球 PASS.
新的回合開始了。
輪到保齡球了
0    1    2     3     4    5
D[7] H[8] C[10] S[10] C[J] D[Q]
玩家 保齡球 打出了 單張 D[7]
輪到地瓜球了
0
C[5]
玩家 地瓜球 PASS.
輪到水球了
0    1    2    3    4    5     6    7
C[7] H[7] S[8] C[9] D[9] H[10] D[J] H[J]
玩家 水球 打出了 單張 H[J]
輪到火球了
0    1    2    3    4    5    6    7
H[3] S[3] H[4] D[5] H[5] S[5] S[6] S[7]
玩家 火球 PASS.
輪到保齡球了
0    1     2     3    4
H[8] C[10] S[10] C[J] D[Q]
玩家 保齡球 打出了 單張 D[Q]
輪到地瓜球了
0
C[5]
玩家 地瓜球 PASS.
輪到水球了
0    1    2    3    4    5     6
C[7] H[7] S[8] C[9] D[9] H[10] D[J]
玩家 水球 PASS.
輪到火球了
0    1    2    3    4    5    6    7
H[3] S[3] H[4] D[5] H[5] S[5] S[6] S[7]
玩家 火球 PASS.
新的回合開始了。
輪到保齡球了
0    1     2     3
H[8] C[10] S[10] C[J]
玩家 保齡球 打出了 單張 C[J]
輪到地瓜球了
0
C[5]
玩家 地瓜球 PASS.
輪到水球了
0    1    2    3    4    5     6
C[7] H[7] S[8] C[9] D[9] H[10] D[J]
玩家 水球 打出了 單張 D[J]
輪到火球了
0    1    2    3    4    5    6    7
H[3] S[3] H[4] D[5] H[5] S[5] S[6] S[7]
玩家 火球 PASS.
輪到保齡球了
0    1     2
H[8] C[10] S[10]
玩家 保齡球 PASS.
輪到地瓜球了
0
C[5]
玩家 地瓜球 PASS.
新的回合開始了。
輪到水球了
0    1    2    3    4    5
C[7] H[7] S[8] C[9] D[9] H[10]
玩家 水球 打出了 對子 C[7] H[7]
輪到火球了
0    1    2    3    4    5    6    7
H[3] S[3] H[4] D[5] H[5] S[5] S[6] S[7]
玩家 火球 PASS.
輪到保齡球了
0    1     2
H[8] C[10] S[10]
玩家 保齡球 打出了 對子 C[10] S[10]
輪到地瓜球了
0
C[5]
玩家 地瓜球 PASS.
輪到水球了
0    1    2    3
S[8] C[9] D[9] H[10]
此牌型不合法，請再嘗試一次。
0    1    2    3
S[8] C[9] D[9] H[10]
玩家 水球 PASS.
輪到火球了
0    1    2    3    4    5    6    7
H[3] S[3] H[4] D[5] H[5] S[5] S[6] S[7]
玩家 火球 PASS.
新的回合開始了。
輪到保齡球了
0
H[8]
玩家 保齡球 打出了 單張 H[8]
遊戲結束，遊戲的勝利者為 保齡球
