新的回合開始了。
輪到水球了
0    1    2    3    4    5    6    7    8    9    10   11   12
C[3] H[3] H[6] S[7] S[9] D[J] H[J] S[J] S[Q] C[K] D[K] S[K] S[A]
玩家 水球 打出了 對子 C[3] H[3]
輪到火球了
0    1    2    3    4    5    6    7    8    9    10   11   12
D[3] S[3] S[4] D[5] S[5] C[7] H[7] C[8] H[9] C[Q] H[Q] D[A] H[2]
玩家 火球 打出了 對子 D[3] S[3]
輪到保齡球了
0    1    2    3    4    5    6     7     8    9    10   11   12
D[4] H[4] H[5] D[8] C[9] D[9] C[10] D[10] D[Q] H[K] H[A] C[2] D[2]
玩家 保齡球 打出了 對子 D[4] H[4]
輪到地瓜球了
0    1    2    3    4    5    6    7    8     9     10   11   12
C[4] C[5] C[6] D[6] S[6] D[7] H[8] S[8] H[10] S[10] C[J] C[A] S[2]
玩家 地瓜球 打出了 對子 C[6] D[6]
輪到水球了
0    1    2    3    4    5    6    7    8    9    10
H[6] S[7] S[9] D[J] H[J] S[J] S[Q] C[K] D[K] S[K] S[A]
玩家 水球 打出了 對子 D[J] H[J]
輪到火球了
0    1    2    3    4    5    6    7    8    9    10
S[4] D[5] S[5] C[7] H[7] C[8] H[9] C[Q] H[Q] D[A] H[2]
玩家 火球 打出了 對子 C[Q] H[Q]
輪到保齡球了
0    1    2    3    4     5     6    7    8    9    10
H[5] D[8] C[9] D[9] C[10] D[10] D[Q] H[K] H[A] C[2] D[2]
玩家 保齡球 打出了 對子 C[2] D[2]
輪到地瓜球了
0    1    2    3    4    5    6     7     8    9    10
C[4] C[5] S[6] D[7] H[8] S[8] H[10] S[10] C[J] C[A] S[2]
玩家 地瓜球 PASS.
輪到水球了
0    1    2    3    4    5    6    7    8
H[6] S[7] S[9] S[J] S[Q] C[K] D[K] S[K] S[A]
玩家 水球 PASS.
輪到火球了
0    1    2    3    4    5    6    7    8
S[4] D[5] S[5] C[7] H[7] C[8] H[9] D[A] H[2]
玩家 火球 PASS.
新的回合開始了。
輪到保齡球了
0    1    2    3    4     5     6    7    8
H[5] D[8] C[9] D[9] C[10] D[10] D[Q] H[K] H[A]
玩家 保齡球 打出了 對子 C[9] D[9]
輪到地瓜球了
0    1    2    3    4    5    6     7     8    9    10
C[4] C[5] S[6] D[7] H[8] S[8] H[10] S[10] C[J] C[A] S[2]
玩家 地瓜球 打出了 對子 H[10] S[10]
輪到水球了
0    1    2    3    4    5    6    7    8
H[6] S[7] S[9] S[J] S[Q] C[K] D[K] S[K] S[A]
玩家 水球 打出了 對子 C[K] D[K]
輪到火球了
0    1    2    3    4    5    6    7    8
S[4] D[5] S[5] C[7] H[7] C[8] H[9] D[A] H[2]
玩家 火球 PASS.
輪到保齡球了
0    1    2     3     4    5    6
H[5] D[8] C[10] D[10] D[Q] H[K] H[A]
玩家 保齡球 PASS.
輪到地瓜球了
0    1    2    3    4    5    6    7    8
C[4] C[5] S[6] D[7] H[8] S[8] C[J] C[A] S[2]
玩家 地瓜球 PASS.
新的回合開始了。
輪到水球了
0    1    2    3    4    5    6
H[6] S[7] S[9] S[J] S[Q] S[K] S[A]
玩家 水球 打出了 單張 H[6]
輪到火球了
0    1    2    3    4    5    6    7    8
S[4] D[5] S[5] C[7] H[7] C[8] H[9] D[A] H[2]
玩家 火球 打出了 單張 C[7]
輪到保齡球了
0    1    2     3     4    5    6
H[5] D[8] C[10] D[10] D[Q] H[K] H[A]
玩家 保齡球 打出了 單張 D[Q]
輪到地瓜球了
0    1    2    3    4    5    6    7    8
C[4] C[5] S[6] D[7] H[8] S[8] C[J] C[A] S[2]
玩家 地瓜球 打出了 單張 C[A]
輪到水球了
0    1    2    3    4    5
S[7] S[9] S[J] S[Q] S[K] S[A]
玩家 水球 打出了 單張 S[A]
輪到火球了
0    1    2    3    4    5    6    7
S[4] D[5] S[5] H[7] C[8] H[9] D[A] H[2]
玩家 火球 打出了 單張 H[2]
輪到保齡球了
0    1    2     3     4    5
H[5] D[8] C[10] D[10] H[K] H[A]
玩家 保齡球 PASS.
輪到地瓜球了
0    1    2    3    4    5    6    7
C[4] C[5] S[6] D[7] H[8] S[8] C[J] S[2]
玩家 地瓜球 打出了 單張 S[2]
輪到水球了
0    1    2    3    4
S[7] S[9] S[J] S[Q] S[K]
玩家 水球 PASS.
輪到火球了
0    1    2    3    4    5    6
S[4] D[5] S[5] H[7] C[8] H[9] D[A]
玩家 火球 PASS.
輪到保齡球了
0    1    2     3     4    5
H[5] D[8] C[10] D[10] H[K] H[A]
玩家 保齡球 PASS.
新的回合開始了。
輪到地瓜球了
0    1    2    3    4    5    6
C[4] C[5] S[6] D[7] H[8] S[8] C[J]
玩家 地瓜球 打出了 單張 C[4]
輪到水球了
0    1    2    3    4
S[7] S[9] S[J] S[Q] S[K]
玩家 水球 打出了 單張 S[7]
輪到火球了
0    1    2    3    4    5    6
S[4] D[5] S[5] H[7] C[8] H[9] D[A]
玩家 火球 打出了 單張 C[8]
輪到保齡球了
0    1    2     3     4    5
H[5] D[8] C[10] D[10] H[K] H[A]
玩家 保齡球 打出了 單張 D[8]
輪到地瓜球了
0    1    2    3    4    5
C[5] S[6] D[7] H[8] S[8] C[J]
玩家 地瓜球 打出了 單張 H[8]
輪到水球了
0    1    2    3
S[9] S[J] S[Q] S[K]
玩家 水球 打出了 單張 S[9]
輪到火球了
0    1    2    3    4    5
S[4] D[5] S[5] H[7] H[9] D[A]
玩家 火球 打出了 單張 D[A]
輪到保齡球了
0    1     2     3    4
H[5] C[10] D[10] H[K] H[A]
玩家 保齡球 打出了 單張 H[A]
輪到地瓜球了
0    1    2    3    4
C[5] S[6] D[7] S[8] C[J]
玩家 地瓜球 PASS.
輪到水球了
0    1    2
S[J] S[Q] S[K]
玩家 水球 PASS.
輪到火球了
0    1    2    3    4
S[4] D[5] S[5] H[7] H[9]
玩家 火球 PASS.
新的回合開始了。
輪到保齡球了
0    1     2     3
H[5] C[10] D[10] H[K]
玩家 保齡球 打出了 對子 C[10] D[10]
輪到地瓜球了
0    1    2    3    4
C[5] S[6] D[7] S[8] C[J]
玩家 地瓜球 PASS.
輪到水球了
0    1    2
S[J] S[Q] S[K]
玩家 水球 PASS.
輪到火球了
0    1    2    3    4
S[4] D[5] S[5] H[7] H[9]
玩家 火球 PASS.
新的回合開始了。
輪到保齡球了
0    1
H[5] H[K]
玩家 保齡球 打出了 單張 H[5]
輪到地瓜球了
0    1    2    3    4
C[5] S[6] D[7] S[8] C[J]
玩家 地瓜球 打出了 單張 S[6]
輪到水球了
0    1    2
S[J] S[Q] S[K]
玩家 水球 打出了 單張 S[J]
輪到火球了
0    1    2    3    4
S[4] D[5] S[5] H[7] H[9]
玩家 火球 PASS.
輪到保齡球了
0
H[K]
玩家 保齡球 打出了 單張 H[K]
遊戲結束，遊戲的勝利者為 保齡球
