新的回合開始了。
輪到火球了
0    1    2    3    4    5     6     7    8    9    10   11   12
C[3] H[3] H[4] S[4] S[7] D[10] H[10] S[J] C[Q] S[K] D[A] S[A] H[2]
玩家 火球 打出了 順子 C[3] C[Q] S[K] D[A] H[2]
輪到保齡球了
0    1    2    3    4    5    6    7    8    9    10   11   12
C[4] C[5] C[6] S[6] C[9] C[J] D[J] H[J] S[Q] C[K] C[A] H[A] C[2]
玩家 保齡球 PASS.
輪到地瓜球了
0    1    2    3    4    5    6    7    8    9    10   11    12
D[3] S[3] D[5] D[6] H[6] D[7] H[7] C[8] S[8] D[9] H[9] C[10] D[Q]
玩家 地瓜球 PASS.
輪到水球了
0    1    2    3    4    5    6    7     8    9    10   11   12
D[4] H[5] S[5] C[7] D[8] H[8] S[9] S[10] H[Q] D[K] H[K] D[2] S[2]
玩家 水球 PASS.
新的回合開始了。
輪到火球了
0    1    2    3    4     5     6    7
H[3] H[4] S[4] S[7] D[10] H[10] S[J] S[A]
玩家 火球 打出了 對子 H[4] S[4]
輪到保齡球了
0    1    2    3    4    5    6    7    8    9    10   11   12
C[4] C[5] C[6] S[6] C[9] C[J] D[J] H[J] S[Q] C[K] C[A] H[A] C[2]
玩家 保齡球 打出了 對子 C[6] S[6]
輪到地瓜球了
0    1    2    3    4    5    6    7    8    9    10   11    12
D[3] S[3] D[5] D[6] H[6] D[7] H[7] C[8] S[8] D[9] H[9] C[10] D[Q]
玩家 地瓜球 PASS.
輪到水球了
0    1    2    3    4    5    6    7     8    9    10   11   12
D[4] H[5] S[5] C[7] D[8] H[8] S[9] S[10] H[Q] D[K] H[K] D[2] S[2]
玩家 水球 打出了 對子 D[2] S[2]
輪到火球了
0    1    2     3     4    5
H[3] S[7] D[10] H[10] S[J] S[A]
玩家 火球 PASS.
輪到保齡球了
0    1    2    3    4    5    6    7    8    9    10
C[4] C[5] C[9] C[J] D[J] H[J] S[Q] C[K] C[A] H[A] C[2]
玩家 保齡球 PASS.
輪到地瓜球了
0    1    2    3    4    5    6    7    8    9    10   11    12
D[3] S[3] D[5] D[6] H[6] D[7] H[7] C[8] S[8] D[9] H[9] C[10] D[Q]
玩家 地瓜球 PASS.
新的回合開始了。
輪到水球了
0    1    2    3    4    5    6    7     8    9    10
D[4] H[5] S[5] C[7] D[8] H[8] S[9] S[10] H[Q] D[K] H[K]
玩家 水球 打出了 對子 H[5] S[5]
輪到火球了
0    1    2     3     4    5
H[3] S[7] D[10] H[10] S[J] S[A]
玩家 火球 打出了 對子 D[10] H[10]
輪到保齡球了
0    1    2    3    4    5    6    7    8    9    10
C[4] C[5] C[9] C[J] D[J] H[J] S[Q] C[K] C[A] H[A] C[2]
玩家 保齡球 打出了 對子 C[J] D[J]
輪到地瓜球了
0    1    2    3    4    5    6    7    8    9    10   11    12
D[3] S[3] D[5] D[6] H[6] D[7] H[7] C[8] S[8] D[9] H[9] C[10] D[Q]
玩家 地瓜球 PASS.
輪到水球了
0    1    2    3    4    5     6    7    8
D[4] C[7] D[8] H[8] S[9] S[10] H[Q] D[K] H[K]
玩家 水球 PASS.
輪到火球了
0    1    2    3
H[3] S[7] S[J] S[A]
玩家 火球 PASS.
新的回合開始了。
輪到保齡球了
0    1    2    3    4    5    6    7    8
C[4] C[5] C[9] H[J] S[Q] C[K] C[A] H[A] C[2]
玩家 保齡球 打出了 順子 H[J] S[Q] C[K] C[A] C[2]
輪到地瓜球了
0    1    2    3    4    5    6    7    8    9    10   11    12
D[3] S[3] D[5] D[6] H[6] D[7] H[7] C[8] S[8] D[9] H[9] C[10] D[Q]
玩家 地瓜球 PASS.
輪到水球了
0    1    2    3    4    5     6    7    8
D[4] C[7] D[8] H[8] S[9] S[10] H[Q] D[K] H[K]
玩家 水球 PASS.
輪到火球了
0    1    2    3
H[3] S[7] S[J] S[A]
玩家 火球 PASS.
新的回合開始了。
輪到保齡球了
0    1    2    3
C[4] C[5] C[9] H[A]
玩家 保齡球 打出了 單張 H[A]
輪到地瓜球了
0    1    2    3    4    5    6    7    8    9    10   11    12
D[3] S[3] D[5] D[6] H[6] D[7] H[7] C[8] S[8] D[9] H[9] C[10] D[Q]
玩家 地瓜球 PASS.
輪到水球了
0    1    2    3    4    5     6    7    8
D[4] C[7] D[8] H[8] S[9] S[10] H[Q] D[K] H[K]
玩家 水球 PASS.
輪到火球了
0    1    2    3
H[3] S[7] S[J] S[A]
玩家 火球 打出了 單張 S[A]
輪到保齡球了
0    1    2
C[4] C[5] C[9]
玩家 保齡球 PASS.
輪到地瓜球了
0    1    2    3    4    5    6    7    8    9    10   11    12
D[3] S[3] D[5] D[6] H[6] D[7] H[7] C[8] S[8] D[9] H[9] C[10] D[Q]
玩家 地瓜球 PASS.
輪到水球了
0    1    2    3    4    5     6    7    8
D[4] C[7] D[8] H[8] S[9] S[10] H[Q] D[K] H[K]
玩家 水球 PASS.
新的回合開始了。
輪到火球了
0    1    2
H[3] S[7] S[J]
玩家 火球 打出了 單張 H[3]
輪到保齡球了
0    1    2
C[4] C[5] C[9]
玩家 保齡球 打出了 單張 C[4]
輪到地瓜球了
0    1    2    3    4    5    6    7    8    9    10   11    12
D[3] S[3] D[5] D[6] H[6] D[7] H[7] C[8] S[8] D[9] H[9] C[10] D[Q]
玩家 地瓜球 打出了 單張 D[Q]
輪到水球了
0    1    2    3    4    5     6    7    8
D[4] C[7] D[8] H[8] S[9] S[10] H[Q] D[K] H[K]
玩家 水球 打出了 單張 H[K]
輪到火球了
0    1
S[7] S[J]
玩家 火球 PASS.
輪到保齡球了
0    1
C[5] C[9]
玩家 保齡球 PASS.
輪到地瓜球了
0    1    2    3    4    5    6    7    8    9    10   11
D[3] S[3] D[5] D[6] H[6] D[7] H[7] C[8] S[8] D[9] H[9] C[10]
玩家 地瓜球 PASS.
新的回合開始了。
輪到水球了
0    1    2    3    4    5     6    7
D[4] C[7] D[8] H[8] S[9] S[10] H[Q] D[K]
玩家 水球 打出了 對子 D[8] H[8]
輪到火球了
0    1
S[7] S[J]
玩家 火球 PASS.
輪到保齡球了
0    1
C[5] C[9]
玩家 保齡球 PASS.
輪到地瓜球了
0    1    2    3    4    5    6    7    8    9    10   11
D[3] S[3] D[5] D[6] H[6] D[7] H[7] C[8] S[8] D[9] H[9] C[10]
玩家 地瓜球 打出了 對子 D[9] H[9]
輪到水球了
0    1    2    3     4    5
D[4] C[7] S[9] S[10] H[Q] D[K]
玩家 水球 PASS.
輪到火球了
0    1
S[7] S[J]
玩家 火球 PASS.
輪到保齡球了
0    1
C[5] C[9]
玩家 保齡球 PASS.
新的回合開始了。
輪到地瓜球了
0    1    2    3    4    5    6    7    8    9
D[3] S[3] D[5] D[6] H[6] D[7] H[7] C[8] S[8] C[10]
玩家 地瓜球 打出了 對子 D[6] H[6]
輪到水球了
0    1    2    3     4    5
D[4] C[7] S[9] S[10] H[Q] D[K]
玩家 水球 PASS.
輪到火球了
0    1
S[7] S[J]
玩家 火球 PASS.
輪到保齡球了
0    1
C[5] C[9]
玩家 保齡球 PASS.
新的回合開始了。
輪到地瓜球了
0    1    2    3    4    5    6    7
D[3] S[3] D[5] D[7] H[7] C[8] S[8] C[10]
玩家 地瓜球 打出了 對子 D[3] S[3]
輪到水球了
0    1    2    3     4    5
D[4] C[7] S[9] S[10] H[Q] D[K]
玩家 水球 PASS.
輪到火球了
0    1
S[7] S[J]
玩家 火球 PASS.
輪到保齡球了
0    1
C[5] C[9]
玩家 保齡球 PASS.
新的回合開始了。
輪到地瓜球了
0    1    2    3    4    5
D[5] D[7] H[7] C[8] S[8] C[10]
玩家 地瓜球 打出了 對子 D[7] H[7]
輪到水球了
0    1    2    3     4    5
D[4] C[7] S[9] S[10] H[Q] D[K]
玩家 水球 PASS.
輪到火球了
0    1
S[7] S[J]
玩家 火球 PASS.
輪到保齡球了
0    1
C[5] C[9]
玩家 保齡球 PASS.
新的回合開始了。
輪到地瓜球了
0    1    2    3
D[5] C[8] S[8] C[10]
玩家 地瓜球 打出了 對子 C[8] S[8]
輪到水球了
0    1    2    3     4    5
D[4] C[7] S[9] S[10] H[Q] D[K]
玩家 水球 PASS.
輪到火球了
0    1
S[7] S[J]
玩家 火球 PASS.
輪到保齡球了
0    1
C[5] C[9]
玩家 保齡球 PASS.
新的回合開始了。
輪到地瓜球了
0    1
D[5] C[10]
玩家 地瓜球 打出了 單張 C[10]
輪到水球了
0    1    2    3     4    5
D[4] C[7] S[9] S[10] H[Q] D[K]
玩家 水球 打出了 單張 S[10]
輪到火球了
0    1
S[7] S[J]
玩家 火球 打出了 單張 S[J]
輪到保齡球了
0    1
C[5] C[9]
玩家 保齡球 PASS.
輪到地瓜球了
0
D[5]
玩家 地瓜球 PASS.
輪到水球了
0    1    2    3    4
D[4] C[7] S[9] H[Q] D[K]
玩家 水球 打出了 單張 H[Q]
輪到火球了
0
S[7]
玩家 火球 PASS.
輪到保齡球了
0    1
C[5] C[9]
玩家 保齡球 PASS.
輪到地瓜球了
0
D[5]
玩家 地瓜球 PASS.
新的回合開始了。
輪到水球了
0    1    2    3
D[4] C[7] S[9] D[K]
玩家 水球 打出了 單張 D[K]
輪到火球了
0
S[7]
玩家 火球 PASS.
輪到保齡球了
0    1
C[5] C[9]
玩家 保齡球 PASS.
輪到地瓜球了
0
D[5]
玩家 地瓜球 PASS.
新的回合開始了。
輪到水球了
0    1    2
D[4] C[7] S[9]
玩家 水球 打出了 單張 S[9]
輪到火球了
0
S[7]
玩家 火球 PASS.
輪到保齡球了
0    1
C[5] C[9]
玩家 保齡球 PASS.
輪到地瓜球了
0
D[5]
玩家 地瓜球 PASS.
新的回合開始了。
輪到水球了
0    1
D[4] C[7]
玩家 水球 打出了 單張 C[7]
輪到火球了
0
S[7]
玩家 火球 打出了 單張 S[7]
遊戲結束，遊戲的勝利者為 火球
